
> web@0.1.0 lint C:\Users\HP\Documents\Mealflow\apps\web
> eslint


C:\Users\HP\Documents\Mealflow\apps\web\src\app\properties\[id]\residents\page.tsx
  39:5  warning  Unused eslint-disable directive (no problems were reported from 'react-hooks/exhaustive-deps')
  40:5  error    Error: Calling setState synchronously within an effect can trigger cascading renders

Effects are intended to synchronize state between React and external systems such as manually updating the DOM, state management libraries, or other platform APIs. In general, the body of an effect should do one or both of the following:
* Update external systems with the latest state from React.
* Subscribe for updates from some external system, calling setState in a callback function when external state changes.

Calling setState synchronously within an effect body causes cascading renders that can hurt performance, and is not recommended. (https://react.dev/learn/you-might-not-need-an-effect).

C:\Users\HP\Documents\Mealflow\apps\web\src\app\properties\[id]\residents\page.tsx:40:5
  38 |   React.useEffect(() => {
  39 |     // eslint-disable-next-line react-hooks/exhaustive-deps
> 40 |     fetchResidents();
     |     ^^^^^^^^^^^^^^ Avoid calling setState() directly within an effect
  41 |   }, [fetchResidents]);
  42 |
  43 |   const handleSaveResident = async (data: Partial<ResidentDto>) => {  react-hooks/set-state-in-effect

✖ 2 problems (1 error, 1 warning)
  0 errors and 1 warning potentially fixable with the `--fix` option.

 ELIFECYCLE  Command failed with exit code 1.
