
> web@0.1.0 build C:\Users\HP\Documents\Mealflow\apps\web
> next build

▲ Next.js 16.3.2 (Turbopack)
✓ Running next.config.ts took 92ms

⚠ The "middleware" file convention is deprecated. Please use "proxy" instead.

  To migrate automatically, run:
  npx @next/codemod@canary middleware-to-proxy .

  Learn more: https://nextjs.org/docs/messages/middleware-to-proxy
  Creating an optimized production build ...
✓ Compiled successfully in 2.0s
  Running TypeScript ...
  Finished TypeScript in 4.3s ...
  Collecting page data using 11 workers ...
  Generating static pages using 11 workers (0/11) ...
  Generating static pages using 11 workers (2/11) 
  Generating static pages using 11 workers (5/11) 
  Generating static pages using 11 workers (8/11) 
✓ Generating static pages using 11 workers (11/11) in 522ms
  Finalizing page optimization ...

Route (app)
┌ ○ /
├ ○ /_not-found
├ ƒ /api/auth/login
├ ƒ /api/auth/logout
├ ƒ /api/auth/refresh
├ ƒ /api/organizations
├ ƒ /api/properties
├ ƒ /api/properties/[...slug]
├ ○ /login
├ ○ /properties
├ ƒ /properties/[id]/bookings
├ ƒ /properties/[id]/complaints
├ ƒ /properties/[id]/delivery
├ ƒ /properties/[id]/kitchen
├ ƒ /properties/[id]/menus
└ ƒ /properties/[id]/residents


ƒ Proxy (Middleware)

○  (Static)   prerendered as static content
ƒ  (Dynamic)  server-rendered on demand

